// Jest Snapshot v1, https://goo.gl/fbAQLP

exports[`CardList should render without crashing 1`] = `
<div
  className="card-list"
>
  <Card
    key="1"
    monster={
      Object {
        "email": "michael@gmail.com",
        "id": "1",
        "name": "Michael",
      }
    }
  />
  <Card
    key="2"
    monster={
      Object {
        "email": "michael2@gmail.com",
        "id": "2",
        "name": "Michael 2",
      }
    }
  />
</div>
`;
