// Jest Snapshot v1, https://goo.gl/fbAQLP

exports[`Card should render without crashing 1`] = `
<div
  className="card-container"
>
  <img
    alt="Michael"
    src="https://robohash.org/1?set=set2&size=180x180"
  />
  <h1>
    Michael
  </h1>
  <p>
    michael@gmail.com
  </p>
</div>
`;
